# serializer version: 1
# name: test_exposed_api
  list([
    'Application',
    'ApplicationsRegistry',
    'Configurable',
    'ConfigurationBuilder',
    'EVENT_BIND',
    'EVENT_BOUND',
    'EVENT_READY',
    'EVENT_SHUTDOWN',
    'LazyService',
    'OnBindEvent',
    'OnBoundEvent',
    'OnReadyEvent',
    'OnShutdownEvent',
    'Service',
    'Stateful',
    'asdict',
  ])
# ---
