# serializer version: 1
# name: test_lint_command
  'ðŸ”€ Rules'
# ---
# name: test_run_command
  '''
  â•­â”€ â–¶ Request (harp.http.requests.HttpRequest) â”€â”€â”€â”€â”€â”€â”€â”€â”€â”€â”€â”€â”€â”€â”€â”€â”€â”€â”€â”€â”€â”€â”€â”€â”€â”€â”€â”€â”€â”€â”€â”€â”€â•®
  â”‚ GET /hostname HTTP/1.1                                                       â”‚
  â•°â”€â”€â”€â”€â”€â”€â”€â”€â”€â”€â”€â”€â”€â”€â”€â”€â”€â”€â”€â”€â”€â”€â”€â”€â”€â”€â”€â”€â”€â”€â”€â”€â”€â”€â”€â”€â”€â”€â”€â”€â”€â”€â”€â”€â”€â”€â”€â”€â”€â”€â”€â”€â”€â”€â”€â”€â”€â”€â”€â”€â”€â”€â”€â”€â”€â”€â”€â”€â”€â”€â”€â”€â”€â”€â”€â”€â”€â”€â•¯
  â•­â”€ â—€ Proxy Response (harp.http.responses.HttpResponse) â”€â”€â”€â”€â”€â”€â”€â”€â”€â”€â”€â”€â”€â”€â”€â”€â”€â”€â”€â”€â”€â”€â”€â”€â•®
  â”‚ HTTP/1.1 200 OK                                                              â”‚
  â”‚ access-control-allow-credentials: true                                       â”‚
  â”‚ access-control-allow-origin: *                                               â”‚
  â”‚ content-type: application/json; charset=utf-8                                â”‚
  â”‚ {                                                                            â”‚
  â”‚   "hostname": "go-httpbin"                                                   â”‚
  â”‚ }                                                                            â”‚
  â•°â”€â”€â”€â”€â”€â”€â”€â”€â”€â”€â”€â”€â”€â”€â”€â”€â”€â”€â”€â”€â”€â”€â”€â”€â”€â”€â”€â”€â”€â”€â”€â”€â”€â”€â”€â”€â”€â”€â”€â”€â”€â”€â”€â”€â”€â”€â”€â”€â”€â”€â”€â”€â”€â”€â”€â”€â”€â”€â”€â”€â”€â”€â”€â”€â”€â”€â”€â”€â”€â”€â”€â”€â”€â”€â”€â”€â”€â”€â•¯
  '''
# ---
